#
# Copyright 2007-2015, Kaazing Corporation. All rights reserved.
#
# Licensed under the Apache License, Version 2.0 (the "License");
# you may not use this file except in compliance with the License.
# You may obtain a copy of the License at
#
# http://www.apache.org/licenses/LICENSE-2.0
#
# Unless required by applicable law or agreed to in writing, software
# distributed under the License is distributed on an "AS IS" BASIS,
# WITHOUT WARRANTIES OR CONDITIONS OF ANY KIND, either express or implied.
# See the License for the specific language governing permissions and
# limitations under the License.
#

# connect.and.close
accept tcp://localhost:7788
accepted
connected

read "GET / HTTP/1.1\r\n"
read /User-Agent: Java.*/
read "\r\n"
read "Host: localhost:7788\r\n"
read "Accept: text/html, image/gif, image/jpeg, *; q=.2, */*; q=.2\r\n"
read "Connection: keep-alive\r\n\r\n"

write "HTTP/1.1 200 OK\r\n"
write "Connection: close\r\n"
write "X-Content-Type-Options: nosniff\r\n"
write "Content-Type: text/event-stream\r\n"
write "Cache-Control: no-cache\r\n"
write "Server: Kaazing Gateway\r\n"
write "Date: Made-up-date"
write "\r\n"

#Start of data
write ":\n"
write "\n"
write "data:Lakers Rule!!\n"
write "\n"

close
closed

